ARPING 192[.]0[.]2[.]101
Sending ARP reply

--- 192[.]0[.]2[.]101 statistics ---
1 packets transmitted, 0 packets received, 100% unanswered \(0 extra\)
